{
  "coll" : [ {
    "feldtest" : "true",
    "a" : "Dog"
  },{
    "feldtest" : "true",
    "a" : "Ape"
  },{
    "feldtest" : "true",
    "a" : "Giraffe"
  }, {
    "feldtest" : "true",
    "a" : "Crocodile"
  },
 {
    "feldtest" : "true",
    "a" : "Human"
  },
 {
    "feldtest" : "true",
    "a" : "Bird"
  }
 ]
}
