{
  "name" : "Jake",
  "animal" : "dog",
  "animalGroup" : "mammal"
}
{
  "name" : "Blacky",
  "animal" : "parrot",
  "animalGroup" : "bird"
}
