{
  "test": [
    "Enno Paul",
    "Anna Hieronymus",
    "Pia L체hn",
    "Schule und Bewegung Universit채t Oldenburg",
    "Enno Paul",
    "Anna Hieronymus",
    "Pia L체hn",
    "Schule und Bewegung Universit채t Oldenburg"
  ]
}